// Jest Snapshot v1, https://goo.gl/fbAQLP

exports[`<AsteroidsContainer /> renders correctly 1`] = `
<div
  className="container"
>
  <AsteroidsList />
</div>
`;
